
> mana@0.1.0 build
> next build

Ôû▓ Next.js 16.1.6 (Turbopack)
- Environments: .env

node.exe : 
Au caractère Ligne:1 : 1
+ & "C:\Program Files\nodejs/node.exe" 
"C:\Users\Click\AppData\Roaming\ ...
+ ~~~~~~~~~~~~~~~~~~~~~~~~~~~~~~~~~~~~~~~~~~~~~~~~~~~~~~~~~~~~~~~~~~~~~
    + CategoryInfo          : NotSpecified: (:String) [], RemoteExcept 
   ion
    + FullyQualifiedErrorId : NativeCommandError
 
> Build error occurred
Error: Both middleware file "./middleware.ts" and proxy file 
"./proxy.ts" are detected. Please use "./proxy.ts" only. Learn more: 
https://nextjs.org/docs/messages/middleware-to-proxy
    at ignore-listed frames
