.next/dev/types/validator.ts(5,50): error TS2305: Module '"./routes.js"' has no exported member 'AppRouteHandlerRoutes'.
.next/dev/types/validator.ts(40,59): error TS2536: Type 'Route' cannot be used to index type 'ParamMap'.
.next/dev/types/validator.ts(41,60): error TS2536: Type 'Route' cannot be used to index type 'ParamMap'.
.next/dev/types/validator.ts(42,59): error TS2536: Type 'Route' cannot be used to index type 'ParamMap'.
.next/dev/types/validator.ts(43,61): error TS2536: Type 'Route' cannot be used to index type 'ParamMap'.
.next/dev/types/validator.ts(44,62): error TS2536: Type 'Route' cannot be used to index type 'ParamMap'.
.next/dev/types/validator.ts(45,60): error TS2536: Type 'Route' cannot be used to index type 'ParamMap'.
.next/dev/types/validator.ts(46,63): error TS2536: Type 'Route' cannot be used to index type 'ParamMap'.
.next/dev/types/validator.ts(52,52): error TS2344: Type '"/[locale]/about"' does not satisfy the constraint 'never'.
.next/dev/types/validator.ts(61,52): error TS2344: Type '"/[locale]/admin/applications"' does not satisfy the constraint 'never'.
.next/dev/types/validator.ts(70,52): error TS2344: Type '"/[locale]/admin/login"' does not satisfy the constraint 'never'.
.next/dev/types/validator.ts(79,52): error TS2344: Type '"/[locale]/admin"' does not satisfy the constraint 'never'.
.next/dev/types/validator.ts(88,52): error TS2344: Type '"/[locale]/admin/portfolio"' does not satisfy the constraint 'never'.
.next/dev/types/validator.ts(97,52): error TS2344: Type '"/[locale]/admin/quotes/[id]"' does not satisfy the constraint 'never'.
.next/dev/types/validator.ts(106,52): error TS2344: Type '"/[locale]/admin/quotes"' does not satisfy the constraint 'never'.
.next/dev/types/validator.ts(115,52): error TS2344: Type '"/[locale]/admin/recruitment"' does not satisfy the constraint 'never'.
.next/dev/types/validator.ts(124,52): error TS2344: Type '"/[locale]/admin/settings"' does not satisfy the constraint 'never'.
.next/dev/types/validator.ts(133,52): error TS2344: Type '"/[locale]/contact"' does not satisfy the constraint 'never'.
.next/dev/types/validator.ts(142,52): error TS2344: Type '"/[locale]"' does not satisfy the constraint 'never'.
.next/dev/types/validator.ts(151,52): error TS2344: Type '"/[locale]/portfolio"' does not satisfy the constraint 'never'.
.next/dev/types/validator.ts(160,52): error TS2344: Type '"/[locale]/quote"' does not satisfy the constraint 'never'.
.next/dev/types/validator.ts(169,52): error TS2344: Type '"/[locale]/recruitment/[jobId]"' does not satisfy the constraint 'never'.
.next/dev/types/validator.ts(178,52): error TS2344: Type '"/[locale]/recruitment"' does not satisfy the constraint 'never'.
.next/dev/types/validator.ts(187,52): error TS2344: Type '"/[locale]/services"' does not satisfy the constraint 'never'.
.next/dev/types/validator.ts(290,51): error TS2344: Type '"/[locale]/admin"' does not satisfy the constraint 'never'.
.next/dev/types/validator.ts(292,31): error TS2344: Type 'typeof import("C:/Users/Click/Desktop/mana/app/[locale]/admin/layout")' does not satisfy the constraint 'LayoutConfig<"/[locale]/admin">'.
  Types of property 'default' are incompatible.
    Type '({ children, params }: { children: ReactNode; params: Promise<{ locale: string; }>; }) => Element' is not assignable to type 'ComponentType<LayoutProps<"/[locale]/admin">> | ((props: LayoutProps<"/[locale]/admin">) => void | Promise<void> | ReactNode | Promise<...>)'.
      Type '({ children, params }: { children: ReactNode; params: Promise<{ locale: string; }>; }) => Element' is not assignable to type 'FunctionComponent<LayoutProps<"/[locale]/admin">>'.
        Types of parameters '__0' and 'props' are incompatible.
          Type 'LayoutProps<"/[locale]/admin">' is not assignable to type '{ children: ReactNode; params: Promise<{ locale: string; }>; }'.
            Types of property 'params' are incompatible.
              Type 'Promise<unknown>' is not assignable to type 'Promise<{ locale: string; }>'.
                Type 'unknown' is not assignable to type '{ locale: string; }'.
.next/dev/types/validator.ts(299,51): error TS2344: Type '"/[locale]"' does not satisfy the constraint 'never'.
.next/dev/types/validator.ts(301,31): error TS2344: Type 'typeof import("C:/Users/Click/Desktop/mana/app/[locale]/layout")' does not satisfy the constraint 'LayoutConfig<"/[locale]">'.
  Types of property 'default' are incompatible.
    Type '({ children, params }: { children: ReactNode; params: Promise<{ locale: string; }>; }) => Promise<Element>' is not assignable to type 'ComponentType<LayoutProps<"/[locale]">> | ((props: LayoutProps<"/[locale]">) => void | Promise<void> | ReactNode | Promise<...>)'.
      Type '({ children, params }: { children: ReactNode; params: Promise<{ locale: string; }>; }) => Promise<Element>' is not assignable to type 'FunctionComponent<LayoutProps<"/[locale]">>'.
        Types of parameters '__0' and 'props' are incompatible.
          Type 'LayoutProps<"/[locale]">' is not assignable to type '{ children: ReactNode; params: Promise<{ locale: string; }>; }'.
            Types of property 'params' are incompatible.
              Type 'Promise<unknown>' is not assignable to type 'Promise<{ locale: string; }>'.
                Type 'unknown' is not assignable to type '{ locale: string; }'.
